t1_r1_official/step1_bt_1.loco: identical
t1_r1_official/step1_qt_1.loco: identical
t1_r1_official/step1_qt_2.loco: identical
t1_r1_official/step2_bt_B1.regenie: identical
t1_r1_official/step2_qt_Y1.regenie: identical
t1_r1_official/step2_qt_Y2.regenie: identical
t1_r2_official/step1_bt_1.loco: identical
t1_r2_official/step1_qt_1.loco: identical
t1_r2_official/step1_qt_2.loco: identical
t1_r2_official/step2_bt_B1.regenie: identical
t1_r2_official/step2_qt_Y1.regenie: identical
t1_r2_official/step2_qt_Y2.regenie: identical
t1_r3_official/step1_bt_1.loco: identical
t1_r3_official/step1_qt_1.loco: identical
t1_r3_official/step1_qt_2.loco: identical
t1_r3_official/step2_bt_B1.regenie: identical
t1_r3_official/step2_qt_Y1.regenie: identical
t1_r3_official/step2_qt_Y2.regenie: identical
t2_r1_official/level1_bt2500_1.loco: identical
t2_r1_official/step1_bt_1.loco: identical
t2_r1_official/step1_qt_1.loco: identical
t2_r1_official/step1_qt_2.loco: identical
t2_r1_official/step2_bt_B1.regenie: identical
t2_r1_official/step2_qt_Y1.regenie: identical
t2_r1_official/step2_qt_Y2.regenie: identical
t2_r2_official/level1_bt2500_1.loco: identical
t2_r2_official/step1_bt_1.loco: identical
t2_r2_official/step1_qt_1.loco: identical
t2_r2_official/step1_qt_2.loco: identical
t2_r2_official/step2_bt_B1.regenie: identical
t2_r2_official/step2_qt_Y1.regenie: identical
t2_r2_official/step2_qt_Y2.regenie: identical
t2_r3_official/step1_bt_1.loco: identical
t2_r3_official/step1_qt_1.loco: identical
t2_r3_official/step1_qt_2.loco: identical
t2_r3_official/step2_bt_B1.regenie: identical
t2_r3_official/step2_qt_Y1.regenie: identical
t2_r3_official/step2_qt_Y2.regenie: identical
t4_r1_official/step1_bt_1.loco: identical
t4_r1_official/step1_qt_1.loco: identical
t4_r1_official/step1_qt_2.loco: identical
t4_r1_official/step2_bt_B1.regenie: identical
t4_r1_official/step2_qt_Y1.regenie: identical
t4_r1_official/step2_qt_Y2.regenie: identical
t4_r2_official/step1_bt_1.loco: identical
t4_r2_official/step1_qt_1.loco: identical
t4_r2_official/step1_qt_2.loco: identical
t4_r2_official/step2_bt_B1.regenie: identical
t4_r2_official/step2_qt_Y1.regenie: identical
t4_r2_official/step2_qt_Y2.regenie: identical
BENCHMARK OUTPUTS: 50 files compared, 0 differ
