s1_qt_1.loco: 24 lines, 240024 fields
s1_qt_2.loco: 24 lines, 240024 fields
s1_qt1_1.loco: 24 lines, 240024 fields
s1_bt_1.loco: 24 lines, 240024 fields
s1_missing_1.loco: 24 lines, 238416 fields
s1_missing_2.loco: 24 lines, 238416 fields
g1_qt_1.loco: 24 lines, 240024 fields
g1_qt_2.loco: 24 lines, 240024 fields
g1_bt_1.loco: 24 lines, 240024 fields
s2_bgen_qt2_Y1.regenie: 20001 lines, 280014 fields
s2_bgen_qt2_Y2.regenie: 20001 lines, 280014 fields
s2_bgen_qt1_Y1.regenie: 20001 lines, 280014 fields
s2_bgen_missing_Y1.regenie: 20001 lines, 280014 fields
s2_bgen_missing_Y2.regenie: 20001 lines, 280014 fields
s2_bgen_bt_firth01_B1.regenie: 20001 lines, 280014 fields
s2_bgen_bt_firth05_B1.regenie: 20001 lines, 280014 fields
s2_bgen_bt_spa_B1.regenie: 20001 lines, 280014 fields
s2_bgen_bt_plain_B1.regenie: 20001 lines, 280014 fields
s2_allpairs_qt2_Y1.regenie: 301 lines, 4214 fields
s2_allpairs_qt2_Y2.regenie: 301 lines, 4214 fields
s2_allpairs_ref_Y1.regenie: 301 lines, 4214 fields
s2_allpairs_ref_Y2.regenie: 301 lines, 4214 fields
s2_bed_qt2_Y1.regenie: 20001 lines, 260013 fields
s2_bed_qt2_Y2.regenie: 20001 lines, 260013 fields
s2_bed_bt_B1.regenie: 20001 lines, 260013 fields
e2e_qt_Y1.regenie: 20001 lines, 280014 fields
e2e_qt_Y2.regenie: 20001 lines, 280014 fields
e2e_bt_B1.regenie: 20001 lines, 280014 fields
TOTAL: 301435 lines, 6314063 fields
