s1_qt: identical (12.95 s)
s1_qt1: identical (12.30 s)
s1_bt: identical (12.51 s)
s1_missing: identical (12.64 s)
g1_qt: identical (47.67 s)
g1_bt: identical (119.57 s)
s2_bgen_qt2: identical (2.29 s)
s2_bgen_qt1: identical (2.02 s)
s2_bgen_missing: identical (2.32 s)
s2_bgen_bt_firth01: identical (2.04 s)
s2_bgen_bt_firth05: identical (2.25 s)
s2_bgen_bt_spa: identical (2.17 s)
s2_bgen_bt_plain: identical (1.93 s)
s2_allpairs_qt2: identical (0.10 s)
s2_allpairs_ref: identical (0.10 s)
s2_bed_qt2: identical (2.42 s)
s2_bed_bt: identical (2.66 s)
e2e_qt: identical
e2e_bt: identical
threads 1 vs 4, s1_qt: candidate identical, official identical
threads 1 vs 4, s2_bgen_qt2: candidate identical, official identical
threads 1 vs 4, s2_bgen_bt_firth01: candidate identical, official identical
SUITE s2f: ALL IDENTICAL
